<html>
<body>
<pre>
<h1>µVision Build Log</h1>
<h2>Tool Versions:</h2>
IDE-Version: µVision V5.31.0.0
Copyright (C) 2020 ARM Ltd and ARM Germany GmbH. All rights reserved.
License Information: D Danny, big, LIC=GMZI6-DQ7V4-CXDU6-D939R-R87H7-DKFRQ
 
Tool Versions:
Toolchain:       MDK-ARM Plus  Version: 5.31.0.0
Toolchain Path:  C:\Users\Danny\Downloads\Compressed\install\keil\install\ARM\ARMCC\Bin
C Compiler:      Armcc.exe V5.06 update 6 (build 750)
Assembler:       Armasm.exe V5.06 update 6 (build 750)
Linker/Locator:  ArmLink.exe V5.06 update 6 (build 750)
Library Manager: ArmAr.exe V5.06 update 6 (build 750)
Hex Converter:   FromElf.exe V5.06 update 6 (build 750)
CPU DLL:         SARMCM3.DLL V5.31.0.0
Dialog DLL:      DCM.DLL V1.17.3.0
Target DLL:      STLink\ST-LINKIII-KEIL_SWO.dll V3.0.7.0
Dialog DLL:      TCM.DLL V1.46.0.0
 
<h2>Project:</h2>
C:\Users\Danny\Documents\Uni\Term 7\Microprocessors and assembly\Final Project\Microprocessors_Course_Project\master_HAL\master\MDK-ARM\master.uvprojx
Project File Date:  01/24/2022

<h2>Output:</h2>
*** Using Compiler 'V5.06 update 6 (build 750)', folder: 'C:\Users\Danny\Downloads\Compressed\install\keil\install\ARM\ARMCC\Bin'
Build target 'master'
compiling main.c...
../Core/Src/main.c(72): warning:  #1295-D: Deprecated declaration write_bytes - give arg types
  void write_bytes(); // write bytes on uart 
../Core/Src/main.c(118): warning:  #188-D: enumerated type mixed with another type
  		HAL_GPIO_WritePin(GPIOC,mask(i),GPIO_PIN_SET & 0x1 & (segment_map[device_select] >> i));
../Core/Src/main.c(125): warning:  #188-D: enumerated type mixed with another type
  		HAL_GPIO_WritePin(GPIOB,mask((i+4)),GPIO_PIN_SET & 0x1 & ( value >> i));
../Core/Src/main.c: 3 warnings, 0 errors
linking...
Program Size: Code=6070 RO-data=462 RW-data=84 ZI-data=1700  
FromELF: creating hex file...
"master\master.axf" - 0 Error(s), 3 Warning(s).

<h2>Software Packages used:</h2>

Package Vendor: ARM
                http://www.keil.com/pack/ARM.CMSIS.5.7.0.pack
                ARM.CMSIS.5.7.0
                CMSIS (Cortex Microcontroller Software Interface Standard)
   * Component: CORE Version: 5.4.0

Package Vendor: Keil
                http://www.keil.com/pack/Keil.STM32F4xx_DFP.2.7.0.pack
                Keil.STM32F4xx_DFP.2.7.0
                STMicroelectronics STM32F4 Series Device Support, Drivers and Examples

<h2>Collection of Component include folders:</h2>
  .\RTE\_master
  C:\Users\Danny\AppData\Local\Arm\Packs\ARM\CMSIS\5.7.0\CMSIS\Core\Include
  C:\Users\Danny\AppData\Local\Arm\Packs\Keil\STM32F4xx_DFP\2.7.0\Drivers\CMSIS\Device\ST\STM32F4xx\Include

<h2>Collection of Component Files used:</h2>

   * Component: ARM::CMSIS:CORE:5.4.0
      Include file:  CMSIS\Core\Include\tz_context.h
Build Time Elapsed:  00:00:02
</pre>
</body>
</html>
