<html>
<body>
<pre>
<h1>µVision Build Log</h1>
<h2>Tool Versions:</h2>
IDE-Version: µVision V5.31.0.0
Copyright (C) 2020 ARM Ltd and ARM Germany GmbH. All rights reserved.
License Information: D Danny, big, LIC=GMZI6-DQ7V4-CXDU6-D939R-R87H7-DKFRQ
 
Tool Versions:
Toolchain:       MDK-ARM Plus  Version: 5.31.0.0
Toolchain Path:  C:\Users\Danny\Downloads\Compressed\install\keil\install\ARM\ARMCLANG\Bin
C Compiler:      ArmClang.exe V6.14
Assembler:       Armasm.exe V6.14
Linker/Locator:  ArmLink.exe V6.14
Library Manager: ArmAr.exe V6.14
Hex Converter:   FromElf.exe V6.14
CPU DLL:         SARMCM3.DLL V5.31.0.0
Dialog DLL:      DCM.DLL V1.17.3.0
Target DLL:      UL2CM3.DLL V1.163.4.0
Dialog DLL:      TCM.DLL V1.46.0.0
 
<h2>Project:</h2>
C:\Users\Danny\Documents\Uni\Term 7\Microprocessors and assembly\Final Project\Microprocessors_Course_Project\slave_1_stm32\project\slave_bus_controller.uvprojx
Project File Date:  01/22/2022

<h2>Output:</h2>
*** Using Compiler 'V6.14', folder: 'C:\Users\Danny\Downloads\Compressed\install\keil\install\ARM\ARMCLANG\Bin'
Build target 'Target 1'
main.c(11): warning: no previous extern declaration for non-static variable 'BRR_value' [-Wmissing-variable-declarations]
const int BRR_value = 0x683 ; // baudrate register value
          ^
main.c(11): note: declare 'static' if the variable is not intended to be used outside of this translation unit
const int BRR_value = 0x683 ; // baudrate register value
      ^
main.c(12): warning: no previous extern declaration for non-static variable 'synchronizer' [-Wmissing-variable-declarations]
uint8_t synchronizer[3] = {0xFC,0xFC,0xFC};
        ^
main.c(12): note: declare 'static' if the variable is not intended to be used outside of this translation unit
uint8_t synchronizer[3] = {0xFC,0xFC,0xFC};
^
main.c(16): warning: no previous extern declaration for non-static variable 'selected' [-Wmissing-variable-declarations]
volatile int selected = 0 ; 
             ^
main.c(16): note: declare 'static' if the variable is not intended to be used outside of this translation unit
volatile int selected = 0 ; 
         ^
main.c(34): warning: no previous prototype for function 'EXTI0_IRQHandler' [-Wmissing-prototypes]
void EXTI0_IRQHandler(void){ // ISR to handle button click for PB0 
     ^
main.c(34): note: declare 'static' if the function is not intended to be used outside of this translation unit
void EXTI0_IRQHandler(void){ // ISR to handle button click for PB0 
^
static 
main.c(49): warning: no previous prototype for function 'EXTI1_IRQHandler' [-Wmissing-prototypes]
void EXTI1_IRQHandler(void){ // ISR to handle button click for PB0 
     ^
main.c(49): note: declare 'static' if the function is not intended to be used outside of this translation unit
void EXTI1_IRQHandler(void){ // ISR to handle button click for PB0 
^
static 
main.c(64): warning: no previous prototype for function 'EXTI2_IRQHandler' [-Wmissing-prototypes]
void EXTI2_IRQHandler(void){ // ISR to handle button click for PB0 
     ^
main.c(64): note: declare 'static' if the function is not intended to be used outside of this translation unit
void EXTI2_IRQHandler(void){ // ISR to handle button click for PB0 
^
static 
main.c(79): warning: no previous prototype for function 'EXTI3_IRQHandler' [-Wmissing-prototypes]
void EXTI3_IRQHandler(void){ // ISR to handle button click for PB0 
     ^
main.c(79): note: declare 'static' if the function is not intended to be used outside of this translation unit
void EXTI3_IRQHandler(void){ // ISR to handle button click for PB0 
^
static 
main.c(140): warning: implicit conversion changes signedness: 'int' to 'uint32_t' (aka 'unsigned int') [-Wsign-conversion]
                        GPIOB->ODR = (d << 4 );
                                   ~  ~~^~~~
8 warnings generated.
compiling main.c...
linking...
Program Size: Code=1552 RO-data=436 RW-data=4 ZI-data=1644  
FromELF: creating hex file...
".\slave_bus_controller.axf" - 0 Error(s), 8 Warning(s).

<h2>Software Packages used:</h2>

Package Vendor: ARM
                http://www.keil.com/pack/ARM.CMSIS.5.7.0.pack
                ARM.CMSIS.5.7.0
                CMSIS (Cortex Microcontroller Software Interface Standard)
   * Component: CORE Version: 5.4.0

Package Vendor: Keil
                http://www.keil.com/pack/Keil.STM32F4xx_DFP.2.7.0.pack
                Keil.STM32F4xx_DFP.2.7.0
                STMicroelectronics STM32F4 Series Device Support, Drivers and Examples
   * Component: Startup Version: 2.4.2

<h2>Collection of Component include folders:</h2>
  .\RTE\_Target_1
  C:\Users\Danny\AppData\Local\Arm\Packs\ARM\CMSIS\5.7.0\CMSIS\Core\Include
  C:\Users\Danny\AppData\Local\Arm\Packs\Keil\STM32F4xx_DFP\2.7.0\Drivers\CMSIS\Device\ST\STM32F4xx\Include

<h2>Collection of Component Files used:</h2>

   * Component: ARM::CMSIS:CORE:5.4.0

   * Component: Keil::Device:Startup:2.4.2
      Source file:   Drivers\CMSIS\Device\ST\STM32F4xx\Source\Templates\arm\startup_stm32f401xe.s
      Source file:   MDK\Device\Source\ARM\STM32F4xx_OTP.s
      Include file:  Drivers\CMSIS\Device\ST\STM32F4xx\Include\stm32f4xx.h
      Source file:   MDK\Device\Source\ARM\STM32F401xx_OPT.s
      Source file:   Drivers\CMSIS\Device\ST\STM32F4xx\Source\Templates\system_stm32f4xx.c
Build Time Elapsed:  00:00:01
</pre>
</body>
</html>
